C:\Users\dell\eclipse-workspace\Online_Expense_Tracker2\src\main\java\com\servlet\UpdateExpenseServlet.java
C:\Users\dell\eclipse-workspace\Online_Expense_Tracker2\src\main\java\com\servlet\SaveExpenseServlet.java
C:\Users\dell\eclipse-workspace\Online_Expense_Tracker2\src\main\java\com\servlet\Logout.java
C:\Users\dell\eclipse-workspace\Online_Expense_Tracker2\src\main\java\com\entity\User.java
C:\Users\dell\eclipse-workspace\Online_Expense_Tracker2\src\main\java\com\db\HibernateUtil.java
C:\Users\dell\eclipse-workspace\Online_Expense_Tracker2\src\main\java\com\entity\Expense.java
C:\Users\dell\eclipse-workspace\Online_Expense_Tracker2\src\main\java\com\servlet\LoginServlet.java
C:\Users\dell\eclipse-workspace\Online_Expense_Tracker2\src\main\java\com\dao\ExpenseDao.java
C:\Users\dell\eclipse-workspace\Online_Expense_Tracker2\src\main\java\com\dao\UserDao.java
C:\Users\dell\eclipse-workspace\Online_Expense_Tracker2\src\main\java\com\servlet\RegisterServlet.java
C:\Users\dell\eclipse-workspace\Online_Expense_Tracker2\src\main\java\com\servlet\DeleteExpenseServlet.java
